// Jest Snapshot v1, https://goo.gl/fbAQLP

exports[`ReadingSection Section should render without errors 1`] = `ShallowWrapper {}`;
