// Jest Snapshot v1, https://goo.gl/fbAQLP

exports[`Bench Press Section should render correctly 1`] = `ShallowWrapper {}`;
