// Jest Snapshot v1, https://goo.gl/fbAQLP

exports[`GuitarPlayingSection Section should render information block 1`] = `ShallowWrapper {}`;

exports[`GuitarPlayingSection Section should render without errors 1`] = `ShallowWrapper {}`;
